C51 COMPILER V9.57.0.0   LINEFOLLOWER                                                      12/29/2017 12:05:31 PAGE 1   


C51 COMPILER V9.57.0.0, COMPILATION OF MODULE LINEFOLLOWER
OBJECT MODULE PLACED IN .\Objects\Linefollower.obj
COMPILER INVOKED BY: C:\Keil_v5\C51\BIN\C51.EXE Linefollower.c OPTIMIZE(8,SPEED) BROWSE DEBUG OBJECTEXTEND PRINT(.\Listi
                    -ngs\Linefollower.lst) TABS(2) OBJECT(.\Objects\Linefollower.obj)

line level    source

   1          #include<reg51.h>
   2          sbit IR_left=P1^0;
   3          sbit IR_right=P1^1;
   4          sbit L_motor=P3^0;
   5          sbit R_motor=P3^1;
   6          void main()
   7          {
   8   1       L_motor=0;
   9   1       R_motor=0;
  10   1       //IR_left=0;
  11   1       //IR_right=0;
  12   1       while(1)
  13   1       {
  14   2        if(IR_left == 1 && IR_right == 0)
  15   2        {
  16   3          L_motor=1;
  17   3          R_motor=0;
  18   3        }
  19   2        else if(IR_right == 1 && IR_left == 0)
  20   2        {
  21   3          L_motor=0;
  22   3          R_motor=1;
  23   3        }
  24   2        else 
  25   2        {
  26   3          L_motor=1;
  27   3          R_motor=1;  
  28   3          }
  29   2       }
  30   1      }


MODULE INFORMATION:   STATIC OVERLAYABLE
   CODE SIZE        =     34    ----
   CONSTANT SIZE    =   ----    ----
   XDATA SIZE       =   ----    ----
   PDATA SIZE       =   ----    ----
   DATA SIZE        =   ----    ----
   IDATA SIZE       =   ----    ----
   BIT SIZE         =   ----    ----
END OF MODULE INFORMATION.


C51 COMPILATION COMPLETE.  0 WARNING(S),  0 ERROR(S)
